5624-82: mir Tor
5624-82: Mix Tor
4824: Torf
4824: fort
4824: Tor 4
10/783--5: neu o"d 5
10/783--5: je bo"s 5
10/783--5: je Bo" da
381482: so 1 Tor
04824: 0 Torf
04824: 0 fort
04824: 0 Tor 4